#! /opt/homebrew/Cellar/icarus-verilog/12.0/bin/vvp
:ivl_version "12.0 (stable)";
:ivl_delay_selection "TYPICAL";
:vpi_time_precision + 0;
:vpi_module "/opt/homebrew/Cellar/icarus-verilog/12.0/lib/ivl/system.vpi";
:vpi_module "/opt/homebrew/Cellar/icarus-verilog/12.0/lib/ivl/vhdl_sys.vpi";
:vpi_module "/opt/homebrew/Cellar/icarus-verilog/12.0/lib/ivl/vhdl_textio.vpi";
:vpi_module "/opt/homebrew/Cellar/icarus-verilog/12.0/lib/ivl/v2005_math.vpi";
:vpi_module "/opt/homebrew/Cellar/icarus-verilog/12.0/lib/ivl/va_math.vpi";
:vpi_module "/opt/homebrew/Cellar/icarus-verilog/12.0/lib/ivl/v2009.vpi";
S_0x103374af0 .scope package, "$unit" "$unit" 2 1;
 .timescale 0 0;
S_0x1033787b0 .scope module, "test" "test" 3 2;
 .timescale 0 0;
v0x103374c70_0 .var "clk", 0 0;
v0x103378c60_0 .var "rst_n", 0 0;
    .scope S_0x1033787b0;
T_0 ;
    %pushi/vec4 0, 0, 1;
    %store/vec4 v0x103374c70_0, 0, 1;
    %pushi/vec4 1, 0, 1;
    %store/vec4 v0x103378c60_0, 0, 1;
    %end;
    .thread T_0, $init;
    .scope S_0x1033787b0;
T_1 ;
    %delay 5, 0;
    %load/vec4 v0x103374c70_0;
    %inv;
    %store/vec4 v0x103374c70_0, 0, 1;
    %jmp T_1;
    .thread T_1;
    .scope S_0x1033787b0;
T_2 ;
    %delay 10, 0;
    %load/vec4 v0x103378c60_0;
    %pad/u 32;
    %cmpi/e 1, 0, 32;
    %jmp/0xz  T_2.0, 4;
    %jmp T_2.1;
T_2.0 ;
    %vpi_call/w 3 8 "$error", "assertion failed" {0 0 0};
T_2.1 ;
    %vpi_call/w 3 9 "$display", "Assertion check passed" {0 0 0};
    %vpi_call/w 3 10 "$finish" {0 0 0};
    %end;
    .thread T_2;
# The file index is used to find the file name in the following table.
:file_names 4;
    "N/A";
    "<interactive>";
    "-";
    "/var/folders/fx/dq9_z7h57_b39rv4zbqhpljw0000gn/T/tmpkzh16m2p.sv";
